***********************************************************************
*
*	DYNAMIC LINK AND INDIRECT ALLOCATION LISTING FOR: sw37
*
***********************************************************************


***************************************************
	 FIRST CODE AREA
***************************************************

***************************************************
	 DATABLOCK PATCHES
***************************************************
*
* List of data blocks that will be checked run-time for consistency with
* their definition available at compile-time
*
*
*	REQUIREMENTS for DATA BLOCK %M101
*		Process image: 0
*		Number of elements: 5000
*		Data size (bytes): 2
0000	00 00 65 00 88 13 00 00 02 00 00 00 

*
*	REQUIREMENTS for DATA BLOCK %I1
*		Process image: 1
*		Number of elements: 12
*		Data size (bytes): 2
000C	01 01 01 00 0C 00 00 00 02 00 00 00 

*
*	REQUIREMENTS for DATA BLOCK %M0
*		Process image: 0
*		Number of elements: 1
*		Data size (bytes): 4
0018	00 00 00 00 01 00 00 00 04 00 00 00 

*
*	REQUIREMENTS for DATA BLOCK %M110
*		Process image: 0
*		Number of elements: 5000
*		Data size (bytes): 2
0024	00 00 6E 00 88 13 00 00 02 00 00 00 

*
*	REQUIREMENTS for DATA BLOCK %M100
*		Process image: 0
*		Number of elements: 416
*		Data size (bytes): 2
0030	00 00 64 00 A0 01 00 00 02 00 00 00 

*
*	REQUIREMENTS for DATA BLOCK %I0
*		Process image: 1
*		Number of elements: 12
*		Data size (bytes): 1
003C	01 01 00 00 0C 00 00 00 01 00 00 00 

*
*	REQUIREMENTS for DATA BLOCK %Q1
*		Process image: 0
*		Number of elements: 12
*		Data size (bytes): 1
0048	00 02 01 00 0C 00 00 00 01 00 00 00 

*
*	REQUIREMENTS for DATA BLOCK %M500
*		Process image: 0
*		Number of elements: 2
*		Data size (bytes): 4
0054	00 00 F4 01 02 00 00 00 04 00 00 00 

*
*	REQUIREMENTS for DATA BLOCK %M550
*		Process image: 0
*		Number of elements: 1
*		Data size (bytes): 1
0060	00 00 26 02 01 00 00 00 01 00 00 00 

*
* List of all references to data allocated on data blocks
* along with the whole information required by the run-time linker
*
*
*	2 REFERENCE(S) TO 32-BIT VAR AT BYTE #0 OF DATA BLOCK %M101
0000	00 00 65 00 00 00 00 00 00 04 02 00 

*		Instruction type: 0x00
*		Code offset: 0x0000559C
000C	9C 55 00 00 

*		Instruction type: 0x00
*		Code offset: 0x00005A00
0010	00 5A 00 00 

*
*	1 REFERENCE(S) TO 16-BIT VAR AT BYTE #386 OF DATA BLOCK %M100
0014	00 00 64 00 82 01 00 00 00 02 01 00 

*		Instruction type: 0x00
*		Code offset: 0x00005630
0020	30 56 00 00 

*
*	1 REFERENCE(S) TO 32-BIT VAR AT BYTE #0 OF DATA BLOCK %M0
0024	00 00 00 00 00 00 00 00 00 04 01 00 

*		Instruction type: 0x00
*		Code offset: 0x000047AC
0030	AC 47 00 00 

*
*	1 REFERENCE(S) TO 16-BIT VAR AT BYTE #14 OF DATA BLOCK %M110
0034	00 00 6E 00 0E 00 00 00 00 02 01 00 

*		Instruction type: 0x00
*		Code offset: 0x000058E8
0040	E8 58 00 00 

*
*	1 REFERENCE(S) TO 16-BIT VAR AT BYTE #16 OF DATA BLOCK %M110
0044	00 00 6E 00 10 00 00 00 00 02 01 00 

*		Instruction type: 0x00
*		Code offset: 0x00005450
0050	50 54 00 00 

*
*	2 REFERENCE(S) TO 32-BIT VAR AT BYTE #4 OF DATA BLOCK %M101
0054	00 00 65 00 04 00 00 00 00 04 02 00 

*		Instruction type: 0x00
*		Code offset: 0x000055A0
0060	A0 55 00 00 

*		Instruction type: 0x00
*		Code offset: 0x00006004
0064	04 60 00 00 

*
*	2 REFERENCE(S) TO 8-BIT VAR AT BYTE #6 OF DATA BLOCK %I0
0068	00 00 00 00 06 00 00 00 01 01 02 00 

*		Instruction type: 0x00
*		Code offset: 0x000054F4
0074	F4 54 00 00 

*		Instruction type: 0x00
*		Code offset: 0x00006274
0078	74 62 00 00 

*
*	1 REFERENCE(S) TO 8-BIT VAR AT BYTE #7 OF DATA BLOCK %I0
007C	00 00 00 00 07 00 00 00 01 01 01 00 

*		Instruction type: 0x00
*		Code offset: 0x000054F8
0088	F8 54 00 00 

*
*	1 REFERENCE(S) TO 16-BIT VAR AT BYTE #10 OF DATA BLOCK %I1
008C	00 00 01 00 0A 00 00 00 01 02 01 00 

*		Instruction type: 0x00
*		Code offset: 0x00006294
0098	94 62 00 00 

*
*	1 REFERENCE(S) TO 16-BIT VAR AT BYTE #12 OF DATA BLOCK %I1
009C	00 00 01 00 0C 00 00 00 01 02 01 00 

*		Instruction type: 0x00
*		Code offset: 0x000054FC
00A8	FC 54 00 00 

*
*	2 REFERENCE(S) TO 16-BIT VAR AT BYTE #14 OF DATA BLOCK %I1
00AC	00 00 01 00 0E 00 00 00 01 02 02 00 

*		Instruction type: 0x00
*		Code offset: 0x00005500
00B8	00 55 00 00 

*		Instruction type: 0x00
*		Code offset: 0x00006298
00BC	98 62 00 00 

*
*	2 REFERENCE(S) TO 32-BIT VAR AT BYTE #8 OF DATA BLOCK %M101
00C0	00 00 65 00 08 00 00 00 00 04 02 00 

*		Instruction type: 0x00
*		Code offset: 0x000055A4
00CC	A4 55 00 00 

*		Instruction type: 0x00
*		Code offset: 0x00005A04
00D0	04 5A 00 00 

*
*	1 REFERENCE(S) TO 8-BIT VAR AT BYTE #7 OF DATA BLOCK %Q1
00D4	00 00 01 00 07 00 00 00 02 01 01 00 

*		Instruction type: 0x00
*		Code offset: 0x00006154
00E0	54 61 00 00 

*
*	1 REFERENCE(S) TO 8-BIT VAR AT BYTE #18 OF DATA BLOCK %M101
00E4	00 00 65 00 12 00 00 00 00 01 01 00 

*		Instruction type: 0x00
*		Code offset: 0x00006010
00F0	10 60 00 00 

*
*	1 REFERENCE(S) TO 32-BIT VAR AT BYTE #12 OF DATA BLOCK %M101
00F4	00 00 65 00 0C 00 00 00 00 04 01 00 

*		Instruction type: 0x00
*		Code offset: 0x00006008
0100	08 60 00 00 

*
*	2 REFERENCE(S) TO 8-BIT VAR AT BYTE #16 OF DATA BLOCK %M101
0104	00 00 65 00 10 00 00 00 00 01 02 00 

*		Instruction type: 0x00
*		Code offset: 0x000055A8
0110	A8 55 00 00 

*		Instruction type: 0x00
*		Code offset: 0x0000600C
0114	0C 60 00 00 

*
*	2 REFERENCE(S) TO 32-BIT VAR AT BYTE #4 OF DATA BLOCK %M110
0118	00 00 6E 00 04 00 00 00 00 04 02 00 

*		Instruction type: 0x00
*		Code offset: 0x000055AC
0124	AC 55 00 00 

*		Instruction type: 0x00
*		Code offset: 0x00005A08
0128	08 5A 00 00 

*
*	3 REFERENCE(S) TO 32-BIT VAR AT BYTE #8 OF DATA BLOCK %M110
012C	00 00 6E 00 08 00 00 00 00 04 03 00 

*		Instruction type: 0x00
*		Code offset: 0x000055B0
0138	B0 55 00 00 

*		Instruction type: 0x00
*		Code offset: 0x000058E4
013C	E4 58 00 00 

*		Instruction type: 0x00
*		Code offset: 0x00005A0C
0140	0C 5A 00 00 

*
*	1 REFERENCE(S) TO 16-BIT VAR AT BYTE #34 OF DATA BLOCK %M110
0144	00 00 6E 00 22 00 00 00 00 02 01 00 

*		Instruction type: 0x00
*		Code offset: 0x0000601C
0150	1C 60 00 00 

*
*	1 REFERENCE(S) TO 16-BIT VAR AT BYTE #32 OF DATA BLOCK %M110
0154	00 00 6E 00 20 00 00 00 00 02 01 00 

*		Instruction type: 0x00
*		Code offset: 0x00006018
0160	18 60 00 00 

*
*	2 REFERENCE(S) TO 8-BIT VAR AT BYTE #38 OF DATA BLOCK %M110
0164	00 00 6E 00 26 00 00 00 00 01 02 00 

*		Instruction type: 0x00
*		Code offset: 0x000055B4
0170	B4 55 00 00 

*		Instruction type: 0x00
*		Code offset: 0x00006020
0174	20 60 00 00 

*
*	1 REFERENCE(S) TO 16-BIT VAR AT BYTE #48 OF DATA BLOCK %M110
0178	00 00 6E 00 30 00 00 00 00 02 01 00 

*		Instruction type: 0x00
*		Code offset: 0x0000602C
0184	2C 60 00 00 

*
*	1 REFERENCE(S) TO 16-BIT VAR AT BYTE #40 OF DATA BLOCK %M110
0188	00 00 6E 00 28 00 00 00 00 02 01 00 

*		Instruction type: 0x00
*		Code offset: 0x00006024
0194	24 60 00 00 

*
*	1 REFERENCE(S) TO 32-BIT VAR AT BYTE #44 OF DATA BLOCK %M110
0198	00 00 6E 00 2C 00 00 00 00 04 01 00 

*		Instruction type: 0x00
*		Code offset: 0x000058EC
01A4	EC 58 00 00 

*
*	2 REFERENCE(S) TO 16-BIT VAR AT BYTE #42 OF DATA BLOCK %M110
01A8	00 00 6E 00 2A 00 00 00 00 02 02 00 

*		Instruction type: 0x00
*		Code offset: 0x000055B8
01B4	B8 55 00 00 

*		Instruction type: 0x00
*		Code offset: 0x00006028
01B8	28 60 00 00 

*
*	1 REFERENCE(S) TO 16-BIT VAR AT BYTE #0 OF DATA BLOCK %M110
01BC	00 00 6E 00 00 00 00 00 00 02 01 00 

*		Instruction type: 0x00
*		Code offset: 0x00005744
01C8	44 57 00 00 

*
*	1 REFERENCE(S) TO 16-BIT VAR AT BYTE #62 OF DATA BLOCK %M110
01CC	00 00 6E 00 3E 00 00 00 00 02 01 00 

*		Instruction type: 0x00
*		Code offset: 0x000058F0
01D8	F0 58 00 00 

*
*	2 REFERENCE(S) TO 8-BIT VAR AT BYTE #4 OF DATA BLOCK %Q1
01DC	00 00 01 00 04 00 00 00 02 01 02 00 

*		Instruction type: 0x00
*		Code offset: 0x0000591C
01E8	1C 59 00 00 

*		Instruction type: 0x00
*		Code offset: 0x00006150
01EC	50 61 00 00 

*
*	1 REFERENCE(S) TO 32-BIT VAR AT BYTE #0 OF DATA BLOCK %M500
01F0	00 00 F4 01 00 00 00 00 00 04 01 00 

*		Instruction type: 0x00
*		Code offset: 0x00005920
01FC	20 59 00 00 

*
*	1 REFERENCE(S) TO 8-BIT VAR AT BYTE #0 OF DATA BLOCK %M550
0200	00 00 26 02 00 00 00 00 00 01 01 00 

*		Instruction type: 0x00
*		Code offset: 0x00005924
020C	24 59 00 00 

*
*	1 REFERENCE(S) TO 32-BIT VAR AT BYTE #20 OF DATA BLOCK %M101
0210	00 00 65 00 14 00 00 00 00 04 01 00 

*		Instruction type: 0x00
*		Code offset: 0x00006014
021C	14 60 00 00 

*
*	1 REFERENCE(S) TO 8-BIT VAR AT BYTE #0 OF DATA BLOCK %Q1
0220	00 00 01 00 00 00 00 00 02 01 01 00 

*		Instruction type: 0x00
*		Code offset: 0x00006140
022C	40 61 00 00 

*
*	1 REFERENCE(S) TO 8-BIT VAR AT BYTE #1 OF DATA BLOCK %Q1
0230	00 00 01 00 01 00 00 00 02 01 01 00 

*		Instruction type: 0x00
*		Code offset: 0x00006144
023C	44 61 00 00 

*
*	1 REFERENCE(S) TO 16-BIT VAR AT BYTE #6 OF DATA BLOCK %I1
0240	00 00 01 00 06 00 00 00 01 02 01 00 

*		Instruction type: 0x00
*		Code offset: 0x0000628C
024C	8C 62 00 00 

*
*	1 REFERENCE(S) TO 8-BIT VAR AT BYTE #2 OF DATA BLOCK %Q1
0250	00 00 01 00 02 00 00 00 02 01 01 00 

*		Instruction type: 0x00
*		Code offset: 0x00006148
025C	48 61 00 00 

*
*	1 REFERENCE(S) TO 8-BIT VAR AT BYTE #3 OF DATA BLOCK %Q1
0260	00 00 01 00 03 00 00 00 02 01 01 00 

*		Instruction type: 0x00
*		Code offset: 0x0000614C
026C	4C 61 00 00 

*
*	1 REFERENCE(S) TO 16-BIT VAR AT BYTE #8 OF DATA BLOCK %I1
0270	00 00 01 00 08 00 00 00 01 02 01 00 

*		Instruction type: 0x00
*		Code offset: 0x00006290
027C	90 62 00 00 

*
*	1 REFERENCE(S) TO 8-BIT VAR AT BYTE #0 OF DATA BLOCK %I0
0280	00 00 00 00 00 00 00 00 01 01 01 00 

*		Instruction type: 0x00
*		Code offset: 0x00006260
028C	60 62 00 00 

*
*	1 REFERENCE(S) TO 8-BIT VAR AT BYTE #2 OF DATA BLOCK %I0
0290	00 00 00 00 02 00 00 00 01 01 01 00 

*		Instruction type: 0x00
*		Code offset: 0x00006264
029C	64 62 00 00 

*
*	1 REFERENCE(S) TO 8-BIT VAR AT BYTE #3 OF DATA BLOCK %I0
02A0	00 00 00 00 03 00 00 00 01 01 01 00 

*		Instruction type: 0x00
*		Code offset: 0x00006268
02AC	68 62 00 00 

*
*	1 REFERENCE(S) TO 16-BIT VAR AT BYTE #4 OF DATA BLOCK %I1
02B0	00 00 01 00 04 00 00 00 01 02 01 00 

*		Instruction type: 0x00
*		Code offset: 0x00006288
02BC	88 62 00 00 

*
*	1 REFERENCE(S) TO 8-BIT VAR AT BYTE #4 OF DATA BLOCK %I0
02C0	00 00 00 00 04 00 00 00 01 01 01 00 

*		Instruction type: 0x00
*		Code offset: 0x0000626C
02CC	6C 62 00 00 

*
*	1 REFERENCE(S) TO 8-BIT VAR AT BYTE #5 OF DATA BLOCK %I0
02D0	00 00 00 00 05 00 00 00 01 01 01 00 

*		Instruction type: 0x00
*		Code offset: 0x00006270
02DC	70 62 00 00 

*
*	1 REFERENCE(S) TO 8-BIT VAR AT BYTE #8 OF DATA BLOCK %I0
02E0	00 00 00 00 08 00 00 00 01 01 01 00 

*		Instruction type: 0x00
*		Code offset: 0x00006278
02EC	78 62 00 00 

*
*	1 REFERENCE(S) TO 8-BIT VAR AT BYTE #9 OF DATA BLOCK %I0
02F0	00 00 00 00 09 00 00 00 01 01 01 00 

*		Instruction type: 0x00
*		Code offset: 0x0000627C
02FC	7C 62 00 00 

*
*	1 REFERENCE(S) TO 8-BIT VAR AT BYTE #10 OF DATA BLOCK %I0
0300	00 00 00 00 0A 00 00 00 01 01 01 00 

*		Instruction type: 0x00
*		Code offset: 0x00006280
030C	80 62 00 00 

*
*	1 REFERENCE(S) TO 16-BIT VAR AT BYTE #0 OF DATA BLOCK %I1
0310	00 00 01 00 00 00 00 00 01 02 01 00 

*		Instruction type: 0x00
*		Code offset: 0x00006284
031C	84 62 00 00 


***************************************************
	 FUNCTION PATCHES
***************************************************

NAME: REAL_TO_DINT  - NUM: 1
	 Patch - TYPE: 0x0 - CODE OFFSET: 0x00005754

NAME: DINT_TO_REAL  - NUM: 1
	 Patch - TYPE: 0x0 - CODE OFFSET: 0x00005750

NAME: sysMbMRTU_FC03  - NUM: 1
	 Patch - TYPE: 0x0 - CODE OFFSET: 0x00005498

NAME: sysDBase_SetExtTable  - NUM: 1
	 Patch - TYPE: 0x0 - CODE OFFSET: 0x000056B0

NAME: UDINT_TO_REAL  - NUM: 1
	 Patch - TYPE: 0x0 - CODE OFFSET: 0x0000574C

NAME: sysWriteParUDINT  - NUM: 1
	 Patch - TYPE: 0x0 - CODE OFFSET: 0x00006138

NAME: DIV_REAL  - NUM: 1
	 Patch - TYPE: 0x0 - CODE OFFSET: 0x00005758

NAME: sysWriteParDWORD  - NUM: 1
	 Patch - TYPE: 0x0 - CODE OFFSET: 0x00005A44

NAME: sysWriteParBOOL  - NUM: 1
	 Patch - TYPE: 0x0 - CODE OFFSET: 0x0000613C
